// Jest Snapshot v1, https://goo.gl/fbAQLP

exports[`post board 1`] = `
Object {
  "id": 53,
  "image": "https://encrypted-tbn0.gstatic.com/images?q=tbn:ANd9GcTHRMgFFFer5qdS8fDQ72NzTiC4qt4yKAR3kg&usqp=CAU",
  "name": "new board =)",
}
`;
